// Jest Snapshot v1, https://goo.gl/fbAQLP

exports[`DropdownContainer should render DropdownContainer 1`] = `ShallowWrapper {}`;
