// Jest Snapshot v1, https://goo.gl/fbAQLP

exports[`FacetDropdown should render FacetDropdown 1`] = `ShallowWrapper {}`;
