// Jest Snapshot v1, https://goo.gl/fbAQLP

exports[`FacetValue should render FacetValue 1`] = `ShallowWrapper {}`;
